C51 COMPILER V9.54   DELAY                                                                 09/28/2026 00:04:22 PAGE 1   


C51 COMPILER V9.54, COMPILATION OF MODULE DELAY
OBJECT MODULE PLACED IN .\Objects\delay.obj
COMPILER INVOKED BY: D:\keil\C51\BIN\C51.EXE delay.c OPTIMIZE(8,SPEED) BROWSE DEBUG OBJECTEXTEND PRINT(.\Listings\delay.
                    -lst) TABS(2) OBJECT(.\Objects\delay.obj)

line level    source

   1          //void Delay10ms(unsigned char n) //@11.0592MHz
   2          //{
   3          //  unsigned char data i, j, k;
   4          //  while(n--){
   5          //  i = 144;
   6          //  j = 157;
   7          //  do
   8          //  {
   9          //    while (--j);
  10          //  } while (--i);
  11          //  }
  12          //}
  13          void Delay1ms(void)   //@11.0592MHz
  14          {
  15   1          unsigned char i, j;
  16   1          i = 2;
  17   1          j = 109;
  18   1          do
  19   1          {
  20   2              while (--j);
  21   2          } while (--i);
  22   1      }


MODULE INFORMATION:   STATIC OVERLAYABLE
   CODE SIZE        =      9    ----
   CONSTANT SIZE    =   ----    ----
   XDATA SIZE       =   ----    ----
   PDATA SIZE       =   ----    ----
   DATA SIZE        =   ----    ----
   IDATA SIZE       =   ----    ----
   BIT SIZE         =   ----    ----
END OF MODULE INFORMATION.


C51 COMPILATION COMPLETE.  0 WARNING(S),  0 ERROR(S)
