C51 COMPILER V9.54   MAIN                                                                  09/28/2026 00:04:22 PAGE 1   


C51 COMPILER V9.54, COMPILATION OF MODULE MAIN
OBJECT MODULE PLACED IN .\Objects\main.obj
COMPILER INVOKED BY: D:\keil\C51\BIN\C51.EXE main.c OPTIMIZE(8,SPEED) BROWSE DEBUG OBJECTEXTEND PRINT(.\Listings\main.ls
                    -t) TABS(2) OBJECT(.\Objects\main.obj)

line level    source

   1          #include <REGX52.H>
   2          #include "delay.h"
   3          #include "MatrixLED.h"
   4          #include "74HC595.h"
   5          
   6          
   7          unsigned char animation[]= {
   8          0x00,0x00,0x00,0x00,0x00,0x00,0x00,0x00,
   9          0x00,0xFF,0x10,0x10,0xFF,0x00,0xFF,0x91,
  10          0x91,0x00,0xFF,0x01,0x01,0x00,0xFF,0x01,
  11          0x01,0x00,0xFF,0x81,0xFF,0x00,0x00,0x0D,
  12          0x0E,0x00,0xFF,0x01,0x1F,0x01,0xFF,0x00,
  13          0xFF,0x81,0xFF,0x00,0xFF,0x98,0xF7,0x01,
  14          0x00,0xFF,0x01,0x01,0x00,0xFF,0x81,0x7E,
  15          0x00,0x00,0xFD,0x00,0x00,0x00,0x00,0x00,
  16          0x00,0x00,0x00,0x00,0x00
  17          };
  18          
  19          void main (){
  20   1        unsigned char a,offSet = 0,count = 0;
  21   1          Init_LED();
  22   1        
  23   1        while(1){
  24   2          for(a=0;a<8;a++){
  25   3            MatrixLED_ShowColor(a,animation[a+offSet]);
  26   3          }
  27   2          count++;
  28   2          if(count==20){
  29   3            offSet++;//+8就是逐帧动画
  30   3            count = 0;
  31   3            if(offSet==58){
  32   4              offSet = 0;
  33   4            }
  34   3          }
  35   2        }
  36   1      }


MODULE INFORMATION:   STATIC OVERLAYABLE
   CODE SIZE        =     58    ----
   CONSTANT SIZE    =   ----    ----
   XDATA SIZE       =   ----    ----
   PDATA SIZE       =   ----    ----
   DATA SIZE        =     69       3
   IDATA SIZE       =   ----    ----
   BIT SIZE         =   ----    ----
END OF MODULE INFORMATION.


C51 COMPILATION COMPLETE.  0 WARNING(S),  0 ERROR(S)
