C51 COMPILER V9.54   UART                                                                  09/23/2026 21:55:29 PAGE 1   


C51 COMPILER V9.54, COMPILATION OF MODULE UART
OBJECT MODULE PLACED IN .\Objects\UART.obj
COMPILER INVOKED BY: D:\keil\C51\BIN\C51.EXE UART.c OPTIMIZE(8,SPEED) BROWSE DEBUG OBJECTEXTEND PRINT(.\Listings\UART.ls
                    -t) TABS(2) OBJECT(.\Objects\UART.obj)

line level    source

   1          #include <REGX52.H>
   2          
   3          
   4          void Uart1_Init(void) //4800bps@11.0592MHz
   5          {
   6   1        PCON |= 0x80;   //使能波特率倍速位SMOD
   7   1        SCON = 0x50;    //8位数据,可变波特率
   8   1        TMOD &= 0x0F;   //设置定时器模式
   9   1        TMOD |= 0x20;   //设置定时器模式
  10   1        TL1 = 0xF4;     //设置定时初始值
  11   1        TH1 = 0xF4;     //设置定时重载值
  12   1        ET1 = 0;      //禁止定时器中断
  13   1        TR1 = 1;      //定时器1开始计时
  14   1      }
  15          
  16          void UART_SendByte(unsigned char Byte){
  17   1         SBUF = Byte;
  18   1         while(TI==0);
  19   1         TI = 0;
  20   1      }


MODULE INFORMATION:   STATIC OVERLAYABLE
   CODE SIZE        =     31    ----
   CONSTANT SIZE    =   ----    ----
   XDATA SIZE       =   ----    ----
   PDATA SIZE       =   ----    ----
   DATA SIZE        =   ----    ----
   IDATA SIZE       =   ----    ----
   BIT SIZE         =   ----    ----
END OF MODULE INFORMATION.


C51 COMPILATION COMPLETE.  0 WARNING(S),  0 ERROR(S)
