C51 COMPILER V9.54   MAIN                                                                  10/01/2026 23:22:06 PAGE 1   


C51 COMPILER V9.54, COMPILATION OF MODULE MAIN
OBJECT MODULE PLACED IN .\Objects\main.obj
COMPILER INVOKED BY: D:\keil\C51\BIN\C51.EXE main.c OPTIMIZE(8,SPEED) BROWSE DEBUG OBJECTEXTEND PRINT(.\Listings\main.ls
                    -t) TABS(2) OBJECT(.\Objects\main.obj)

line level    source

   1          #include <REGX52.H>
   2          #include "LCD1602.h"
   3          #include "DS1302.h"
   4          #include "transto.h"
   5          #include "timer0.h"
   6          #include "key.h"
   7          #include "delay.h"
   8          
   9          unsigned char KeyNumber,MODE,POS,ACTION,TimeSet_Flash;
  10           
  11          void TimeShow(void){
  12   1          DS1302_ReadTime();
  13   1          LCD_ShowNum(1,9,Time[0],2);
  14   1          LCD_ShowString(1,11,"-");
  15   1          LCD_ShowNum(1,12,Time[1],2);
  16   1          LCD_ShowString(1,14,"-");
  17   1          LCD_ShowNum(1,15,Time[2],2);
  18   1          LCD_ShowNum(2,1,Time[3],2);
  19   1          LCD_ShowString(2,3,":");
  20   1          LCD_ShowNum(2,4,Time[4],2);
  21   1          LCD_ShowString(2,6,":");
  22   1          LCD_ShowNum(2,7,Time[5],2);
  23   1          LCD_ShowString(2,9,"-");
  24   1          LCD_ShowNum(2,10,Time[6],1);
  25   1      }
  26          void TimeSet(void){
  27   1        if(KeyNumber == 2){
  28   2          POS++;
  29   2          if(POS>6)POS = 0;
  30   2        }
  31   1        if(KeyNumber==3){
  32   2          Time[POS]++;
  33   2          if(Time[0]>99)Time[0]=0;
  34   2          if(Time[1]>12)Time[1]=1;
  35   2          if((Time[1]==1||Time[1]==3||Time[1]==5||Time[1]==7||Time[1]==8||Time[1]==10||Time[1]==12)){
  36   3            if(Time[2]>31)Time[2] = 1;
  37   3          }
  38   2          if((Time[1]==4||Time[1]==6||Time[1]==9||Time[1]==11)){
  39   3            if(Time[2]>30)Time[2]=1;
  40   3          }
  41   2          if(Time[1]==2){
  42   3            if((Time[0]%4==0&&Time[0]%100!=0)||Time[0]%400==0){
  43   4              if(Time[2]>29) Time[2]=1;
  44   4            }
  45   3            else{
  46   4              if(Time[2]>28)Time[2]=1;
  47   4            }
  48   3          }
  49   2          
  50   2          if(Time[3]>23)Time[3]=0;
  51   2          if(Time[4]>59)Time[4] = 0;
  52   2          if(Time[5]>59)Time[5]=0;
  53   2          if(Time[6]>7)Time[6]=1;
  54   2        }
C51 COMPILER V9.54   MAIN                                                                  10/01/2026 23:22:06 PAGE 2   

  55   1        if(KeyNumber==4){
  56   2          Time[POS]--;
  57   2          if(Time[0]<0)Time[0]=99;
  58   2          if(Time[1]<1)Time[1]=12;
  59   2          if((Time[1]==1||Time[1]==3||Time[1]==5||Time[1]==7||Time[1]==8||Time[1]==10||Time[1]==12)){
  60   3            if(Time[2]<1)Time[2] = 31;
  61   3            if(Time[2]>31)Time[2] = 1;
  62   3            
  63   3          }
  64   2          if((Time[1]==4||Time[1]==6||Time[1]==9||Time[1]==11)){
  65   3            if(Time[2]<1)Time[2]=30;
  66   3            if(Time[2]>30)Time[2]=1;
  67   3          }
  68   2          if(Time[1]==2){
  69   3            if((Time[0]%4==0&&Time[0]%100!=0)||Time[0]%400==0){
  70   4              if(Time[2]<1) Time[2]=29;
  71   4              if(Time[2]>29) Time[2]=1;
  72   4            }
  73   3            else{
  74   4              if(Time[2]<1)Time[2]=28;
  75   4              if(Time[2]>28)Time[2]=1;
  76   4            }
  77   3          }
  78   2          
  79   2          if(Time[3]<0)Time[3]=23;
  80   2          if(Time[4]<0)Time[4] = 59;
  81   2          if(Time[5]<0)Time[5]=59;
  82   2          if(Time[6]<0)Time[6]=7;
  83   2        }
  84   1      }
  85          void main(){
  86   1        LCD_Init();
  87   1        DS1302_Init();
  88   1        Timer0_Init();
  89   1        LCD_ShowString(1,1,"Time:");
  90   1        DS1302_SetTime();
  91   1        while(1){
  92   2          KeyNumber = Key();
  93   2          if(KeyNumber==1){
  94   3            if(MODE==0)MODE=1;
  95   3            else if(MODE==1){MODE=0;DS1302_SetTime();}
  96   3          }
  97   2          if(MODE==0){
  98   3             TimeShow();
  99   3          }
 100   2          else{
 101   3            TimeSet();
 102   3            if(POS==0&&TimeSet_Flash == 1) LCD_ShowString(1,9,"  ");
 103   3            else LCD_ShowNum(1,9,Time[0],2);
 104   3            LCD_ShowString(1,11,"-");
 105   3            if(POS==1&&TimeSet_Flash == 1) LCD_ShowString(1,12,"  ");
 106   3            else LCD_ShowNum(1,12,Time[1],2);
 107   3            LCD_ShowString(1,14,"-");
 108   3            if(POS==2&&TimeSet_Flash == 1) LCD_ShowString(1,15,"  ");
 109   3            else LCD_ShowNum(1,15,Time[2],2);
 110   3            if(POS==3&&TimeSet_Flash == 1) LCD_ShowString(2,1,"  ");
 111   3            else LCD_ShowNum(2,1,Time[3],2);
 112   3            LCD_ShowString(2,3,":");
 113   3            if(POS==4&&TimeSet_Flash == 1) LCD_ShowString(2,4,"  ");
 114   3            else LCD_ShowNum(2,4,Time[4],2);
 115   3            LCD_ShowString(2,6,":");
 116   3            if(POS==5&&TimeSet_Flash == 1) LCD_ShowString(2,7,"  ");
C51 COMPILER V9.54   MAIN                                                                  10/01/2026 23:22:06 PAGE 3   

 117   3            else LCD_ShowNum(2,7,Time[5],2);
 118   3            LCD_ShowString(2,9,"-");
 119   3            if(POS==6&&TimeSet_Flash == 1) LCD_ShowString(2,10," ");
 120   3            else LCD_ShowNum(2,10,Time[6],1);
 121   3          }
 122   2          delay(50); 
 123   2         }
 124   1      }
 125          void flash ()interrupt 1
 126          {
 127   1        static unsigned int count = 0;
 128   1        TL0 = 0x18;
 129   1        TH0 = 0xFC;
 130   1        count++;
 131   1          if(count>300){
 132   2            count = 0;
 133   2            TimeSet_Flash =!TimeSet_Flash;
 134   2          }
 135   1          
 136   1      }


MODULE INFORMATION:   STATIC OVERLAYABLE
   CODE SIZE        =   1138    ----
   CONSTANT SIZE    =     15    ----
   XDATA SIZE       =   ----    ----
   PDATA SIZE       =   ----    ----
   DATA SIZE        =      7    ----
   IDATA SIZE       =   ----    ----
   BIT SIZE         =   ----    ----
END OF MODULE INFORMATION.


C51 COMPILATION COMPLETE.  0 WARNING(S),  0 ERROR(S)
