C51 COMPILER V9.54   TIMER0                                                                10/01/2026 23:21:31 PAGE 1   


C51 COMPILER V9.54, COMPILATION OF MODULE TIMER0
OBJECT MODULE PLACED IN .\Objects\timer0.obj
COMPILER INVOKED BY: D:\keil\C51\BIN\C51.EXE timer0.c OPTIMIZE(8,SPEED) BROWSE DEBUG OBJECTEXTEND PRINT(.\Listings\timer
                    -0.lst) TABS(2) OBJECT(.\Objects\timer0.obj)

line level    source

   1          #include <REGX52.H>
   2          
   3          void Timer0_Init(void)//1毫秒@11.0592MHz
   4          {
   5   1        TMOD &= 0xF0;     //设置定时器模式
   6   1        TMOD |= 0x01;     //设置定时器模式
   7   1        TL0 = 0x66;       //设置定时初始值
   8   1        TH0 = 0xFC;       //设置定时初始值
   9   1        TF0 = 0;        //清除TF0标志
  10   1        TR0 = 1;      //定时器0开始计时
  11   1        
  12   1        ET0 = 1;
  13   1        EA = 1;
  14   1        PT0 = 0;
  15   1        
  16   1      }


MODULE INFORMATION:   STATIC OVERLAYABLE
   CODE SIZE        =     23    ----
   CONSTANT SIZE    =   ----    ----
   XDATA SIZE       =   ----    ----
   PDATA SIZE       =   ----    ----
   DATA SIZE        =   ----    ----
   IDATA SIZE       =   ----    ----
   BIT SIZE         =   ----    ----
END OF MODULE INFORMATION.


C51 COMPILATION COMPLETE.  0 WARNING(S),  0 ERROR(S)
