C51 COMPILER V9.54   DELAY                                                                 09/13/2026 15:49:52 PAGE 1   


C51 COMPILER V9.54, COMPILATION OF MODULE DELAY
OBJECT MODULE PLACED IN .\Objects\delay.obj
COMPILER INVOKED BY: D:\keil\C51\BIN\C51.EXE delay.c OPTIMIZE(8,SPEED) BROWSE DEBUG OBJECTEXTEND PRINT(.\Listings\delay.
                    -lst) TABS(2) OBJECT(.\Objects\delay.obj)

line level    source

   1          void Delay10ms(unsigned char n) //@11.0592MHz
   2          {
   3   1        unsigned char data i, j, k;
   4   1        while(n--){
   5   2        i = 144;
   6   2        j = 157;
   7   2        do
   8   2        {
   9   3          while (--j);
  10   3        } while (--i);
  11   2        }
  12   1      }
*** WARNING C280 IN LINE 3 OF delay.c: 'k': unreferenced local variable


MODULE INFORMATION:   STATIC OVERLAYABLE
   CODE SIZE        =     17    ----
   CONSTANT SIZE    =   ----    ----
   XDATA SIZE       =   ----    ----
   PDATA SIZE       =   ----    ----
   DATA SIZE        =   ----       1
   IDATA SIZE       =   ----    ----
   BIT SIZE         =   ----    ----
END OF MODULE INFORMATION.


C51 COMPILATION COMPLETE.  1 WARNING(S),  0 ERROR(S)
