C51 COMPILER V9.54   MAIN                                                                  09/13/2026 15:52:13 PAGE 1   


C51 COMPILER V9.54, COMPILATION OF MODULE MAIN
OBJECT MODULE PLACED IN .\Objects\main.obj
COMPILER INVOKED BY: D:\keil\C51\BIN\C51.EXE main.c OPTIMIZE(8,SPEED) BROWSE DEBUG OBJECTEXTEND PRINT(.\Listings\main.ls
                    -t) TABS(2) OBJECT(.\Objects\main.obj)

line level    source

   1          #include <REGX52.H>
   2          #include "LCD1602.h"
   3          #include "delay.h"
   4          #include "MatrixKey.h"
   5          
   6          
   7          void main(){
   8   1        unsigned char a;
   9   1        LCD_Init();
  10   1        LCD_ShowString(1,1,"password");
  11   1        while(1){
  12   2          a = MatrixKey();
  13   2          if(a){
  14   3          LCD_ShowNum(2,1,a,2);
  15   3          }
  16   2        }
  17   1          
  18   1      }


MODULE INFORMATION:   STATIC OVERLAYABLE
   CODE SIZE        =     40    ----
   CONSTANT SIZE    =      9    ----
   XDATA SIZE       =   ----    ----
   PDATA SIZE       =   ----    ----
   DATA SIZE        =   ----       1
   IDATA SIZE       =   ----    ----
   BIT SIZE         =   ----    ----
END OF MODULE INFORMATION.


C51 COMPILATION COMPLETE.  0 WARNING(S),  0 ERROR(S)
