C51 COMPILER V9.54   MATRIXKEY                                                             09/13/2026 15:52:14 PAGE 1   


C51 COMPILER V9.54, COMPILATION OF MODULE MATRIXKEY
OBJECT MODULE PLACED IN .\Objects\MatrixKey.obj
COMPILER INVOKED BY: D:\keil\C51\BIN\C51.EXE MatrixKey.c OPTIMIZE(8,SPEED) BROWSE DEBUG OBJECTEXTEND PRINT(.\Listings\Ma
                    -trixKey.lst) TABS(2) OBJECT(.\Objects\MatrixKey.obj)

line level    source

   1          #include <REGX52.H>
   2          #include "delay.h"
   3          unsigned char MatrixKey() {
   4   1        unsigned char KeyNum = 0;
   5   1        //采用列检查
   6   1        //并且通过覆盖的方式快速给电平
   7   1        //给所有口配1
   8   1        P1 = 0xFF;
   9   1        //给选中的列
  10   1        P1_3 = 0;
  11   1        //判断按下的按键
  12   1          if(P1_7 == 0) { Delay10ms(1); if(P1_7==0){ while(P1_7==0); KeyNum=1; } }
  13   1          if(P1_6 == 0) { Delay10ms(1); if(P1_6==0){ while(P1_6==0); KeyNum=5; } }
  14   1          if(P1_5 == 0) { Delay10ms(1); if(P1_5==0){ while(P1_5==0); KeyNum=9; } }
  15   1          if(P1_4 == 0) { Delay10ms(1); if(P1_4==0){ while(P1_4==0); KeyNum=13; } }
  16   1      
  17   1          P1 = 0xFF; P1_2 = 0;
  18   1          if(P1_7 == 0) { Delay10ms(1); if(P1_7==0){ while(P1_7==0); KeyNum=2; } }
  19   1          if(P1_6 == 0) { Delay10ms(1); if(P1_6==0){ while(P1_6==0); KeyNum=6; } }
  20   1          if(P1_5 == 0) { Delay10ms(1); if(P1_5==0){ while(P1_5==0); KeyNum=10; } }
  21   1          if(P1_4 == 0) { Delay10ms(1); if(P1_4==0){ while(P1_4==0); KeyNum=14; } }
  22   1      
  23   1          P1 = 0xFF; P1_1 = 0;
  24   1          if(P1_7 == 0) { Delay10ms(1); if(P1_7==0){ while(P1_7==0); KeyNum=3; } }
  25   1          if(P1_6 == 0) { Delay10ms(1); if(P1_6==0){ while(P1_6==0); KeyNum=7; } }
  26   1          if(P1_5 == 0) { Delay10ms(1); if(P1_5==0){ while(P1_5==0); KeyNum=11; } }
  27   1          if(P1_4 == 0) { Delay10ms(1); if(P1_4==0){ while(P1_4==0); KeyNum=15; } }
  28   1      
  29   1          P1 = 0xFF; P1_0 = 0;
  30   1          if(P1_7 == 0) { Delay10ms(1); if(P1_7==0){ while(P1_7==0); KeyNum=4; } }
  31   1          if(P1_6 == 0) { Delay10ms(1); if(P1_6==0){ while(P1_6==0); KeyNum=8; } }
  32   1          if(P1_5 == 0) { Delay10ms(1); if(P1_5==0){ while(P1_5==0); KeyNum=12; } }
  33   1          if(P1_4 == 0) { Delay10ms(1); if(P1_4==0){ while(P1_4==0); KeyNum=16; } }
  34   1        return KeyNum;
  35   1      }


MODULE INFORMATION:   STATIC OVERLAYABLE
   CODE SIZE        =    298    ----
   CONSTANT SIZE    =   ----    ----
   XDATA SIZE       =   ----    ----
   PDATA SIZE       =   ----    ----
   DATA SIZE        =   ----       1
   IDATA SIZE       =   ----    ----
   BIT SIZE         =   ----    ----
END OF MODULE INFORMATION.


C51 COMPILATION COMPLETE.  0 WARNING(S),  0 ERROR(S)
