C51 COMPILER V9.54   KEY                                                                   09/19/2026 15:34:07 PAGE 1   


C51 COMPILER V9.54, COMPILATION OF MODULE KEY
OBJECT MODULE PLACED IN .\Objects\key.obj
COMPILER INVOKED BY: D:\keil\C51\BIN\C51.EXE key.c OPTIMIZE(8,SPEED) BROWSE DEBUG OBJECTEXTEND PRINT(.\Listings\key.lst)
                    - TABS(2) OBJECT(.\Objects\key.obj)

line level    source

   1          #include <REGX52.H>
   2          #include "delay.h"
   3          
   4          unsigned char Key(){
   5   1        unsigned char keyNum=0;
   6   1          if(P3_0 == 0){
   7   2            Delay100ms(1);
   8   2            if(P3_0 == 0){
   9   3              while(P3_0 == 0);
  10   3              Delay100ms(1);  
  11   3              keyNum = 1;
  12   3            }
  13   2          }
  14   1          if(P3_1 == 0){
  15   2            Delay100ms(1);
  16   2            if(P3_1==0){
  17   3              while(P3_1 == 0);
  18   3              Delay100ms(1);  
  19   3              keyNum = 2;
  20   3            }
  21   2          }
  22   1        return keyNum;
  23   1      }


MODULE INFORMATION:   STATIC OVERLAYABLE
   CODE SIZE        =     50    ----
   CONSTANT SIZE    =   ----    ----
   XDATA SIZE       =   ----    ----
   PDATA SIZE       =   ----    ----
   DATA SIZE        =   ----       1
   IDATA SIZE       =   ----    ----
   BIT SIZE         =   ----    ----
END OF MODULE INFORMATION.


C51 COMPILATION COMPLETE.  0 WARNING(S),  0 ERROR(S)
