C51 COMPILER V9.54   MAIN                                                                  09/19/2026 15:34:02 PAGE 1   


C51 COMPILER V9.54, COMPILATION OF MODULE MAIN
OBJECT MODULE PLACED IN .\Objects\main.obj
COMPILER INVOKED BY: D:\keil\C51\BIN\C51.EXE main.c OPTIMIZE(8,SPEED) BROWSE DEBUG OBJECTEXTEND PRINT(.\Listings\main.ls
                    -t) TABS(2) OBJECT(.\Objects\main.obj)

line level    source

   1          #include <REGX52.H>
   2          #include "key.h"
   3          #include "timer0.h"
   4          #include "move.h"
   5          
   6          unsigned char key_state = 0;
   7          void main(){
   8   1          Timer0_Init();
   9   1          P2 = 0xFE;
  10   1          while(1){
  11   2              key_state = Key();
  12   2          if(key_state)
  13   2              dir_trigger(key_state);
  14   2          }
  15   1      }
  16          
  17          void Timer0_Routine() interrupt 1{
  18   1        static unsigned int T0count;
  19   1        TL0 = 0x66;
  20   1        TH0 = 0xFC;
  21   1        T0count++;
  22   1        if(T0count>1000){
  23   2          T0count = 0;
  24   2          move();
  25   2        }
  26   1      }


MODULE INFORMATION:   STATIC OVERLAYABLE
   CODE SIZE        =    108    ----
   CONSTANT SIZE    =   ----    ----
   XDATA SIZE       =   ----    ----
   PDATA SIZE       =   ----    ----
   DATA SIZE        =      3    ----
   IDATA SIZE       =   ----    ----
   BIT SIZE         =   ----    ----
END OF MODULE INFORMATION.


C51 COMPILATION COMPLETE.  0 WARNING(S),  0 ERROR(S)
