C51 COMPILER V9.54   DELAY                                                                 09/19/2026 16:13:51 PAGE 1   


C51 COMPILER V9.54, COMPILATION OF MODULE DELAY
OBJECT MODULE PLACED IN .\Objects\delay.obj
COMPILER INVOKED BY: D:\keil\C51\BIN\C51.EXE delay.c OPTIMIZE(8,SPEED) BROWSE DEBUG OBJECTEXTEND PRINT(.\Listings\delay.
                    -lst) TABS(2) OBJECT(.\Objects\delay.obj)

line level    source

   1          void Delay100ms(unsigned char n)  //@11.0592MHz
   2          {
   3   1        unsigned char data i, j, k;
   4   1      
   5   1      
   6   1        i = 5;
   7   1        j = 52;
   8   1        k = 195;
   9   1        while(n--){
  10   2          do
  11   2        {
  12   3          do
  13   3          {
  14   4            while (--k);
  15   4          } while (--j);
  16   3        } while (--i);
  17   2        }
  18   1        
  19   1      }


MODULE INFORMATION:   STATIC OVERLAYABLE
   CODE SIZE        =     21    ----
   CONSTANT SIZE    =   ----    ----
   XDATA SIZE       =   ----    ----
   PDATA SIZE       =   ----    ----
   DATA SIZE        =   ----    ----
   IDATA SIZE       =   ----    ----
   BIT SIZE         =   ----    ----
END OF MODULE INFORMATION.


C51 COMPILATION COMPLETE.  0 WARNING(S),  0 ERROR(S)
