C51 COMPILER V9.54   MAIN                                                                  09/19/2026 16:13:51 PAGE 1   


C51 COMPILER V9.54, COMPILATION OF MODULE MAIN
OBJECT MODULE PLACED IN .\Objects\main.obj
COMPILER INVOKED BY: D:\keil\C51\BIN\C51.EXE main.c OPTIMIZE(8,SPEED) BROWSE DEBUG OBJECTEXTEND PRINT(.\Listings\main.ls
                    -t) TABS(2) OBJECT(.\Objects\main.obj)

line level    source

   1          #include <REGX52.H>
   2          #include "delay.h"
   3          #include "timer0.h"
   4          #include "LCD1602.h"
   5          
   6          unsigned char sec = 0;
   7          unsigned char min = 0;
   8          unsigned char hour = 0;
   9          unsigned char flag = 0;
  10          void main(){
  11   1        LCD_Init();
  12   1        LCD_ShowString(1,1,"clock");
  13   1        Timer0_Init();
  14   1        while(1){
  15   2          if(flag){
  16   3            flag = 0;
  17   3            sec++;
  18   3          if(sec==60){sec = 0;min++;}
  19   3          if(min == 60){min = 0;hour++;}
  20   3          if(hour == 24) hour = 0;
  21   3        }
  22   2          
  23   2          LCD_ShowNum(2,1,hour,2);
  24   2          LCD_ShowString(2,3,":");
  25   2          LCD_ShowNum(2,4,min,2);
  26   2          LCD_ShowString(2,6,":");
  27   2          LCD_ShowNum(2,7,sec,2);
  28   2       }
  29   1      }
  30          void Timer0_Routine() interrupt 1{
  31   1          static unsigned int T0count = 0;
  32   1          TL0 = 0x66;     
  33   1          TH0 = 0xFC; 
  34   1          T0count++;
  35   1          if(T0count>1000){
  36   2            T0count = 0;
  37   2            flag = 1;
  38   2          }
  39   1      }


MODULE INFORMATION:   STATIC OVERLAYABLE
   CODE SIZE        =    170    ----
   CONSTANT SIZE    =      8    ----
   XDATA SIZE       =   ----    ----
   PDATA SIZE       =   ----    ----
   DATA SIZE        =      6    ----
   IDATA SIZE       =   ----    ----
   BIT SIZE         =   ----    ----
END OF MODULE INFORMATION.


C51 COMPILATION COMPLETE.  0 WARNING(S),  0 ERROR(S)
