C51 COMPILER V9.54   MAIN                                                                  09/23/2026 22:13:46 PAGE 1   


C51 COMPILER V9.54, COMPILATION OF MODULE MAIN
OBJECT MODULE PLACED IN .\Objects\main.obj
COMPILER INVOKED BY: D:\keil\C51\BIN\C51.EXE ..\´®¿ÚÍ¨ÐÅ\main.c OPTIMIZE(8,SPEED) BROWSE DEBUG OBJECTEXTEND PRINT(.\List
                    -ings\main.lst) TABS(2) OBJECT(.\Objects\main.obj)

line level    source

   1          #include <REGX52.H>
   2          #include "delay.h"
   3          #include "UART.h"
   4          
   5          unsigned char sec=0;
   6          void main(){
   7   1        Uart1_Init();
   8   1      
   9   1        while(1){
  10   2        }
  11   1      }
  12          
  13          void UART_Routine(void) interrupt 4 {
  14   1        if(RI ==1 ){
  15   2            P2 = ~SBUF;
  16   2            UART_SendByte(SBUF);
  17   2            RI = 0;
  18   2        }
  19   1      }


MODULE INFORMATION:   STATIC OVERLAYABLE
   CODE SIZE        =     76    ----
   CONSTANT SIZE    =   ----    ----
   XDATA SIZE       =   ----    ----
   PDATA SIZE       =   ----    ----
   DATA SIZE        =      1    ----
   IDATA SIZE       =   ----    ----
   BIT SIZE         =   ----    ----
END OF MODULE INFORMATION.


C51 COMPILATION COMPLETE.  0 WARNING(S),  0 ERROR(S)
