C51 COMPILER V9.54   MAIN                                                                  10/01/2026 20:19:29 PAGE 1   


C51 COMPILER V9.54, COMPILATION OF MODULE MAIN
OBJECT MODULE PLACED IN .\Objects\main.obj
COMPILER INVOKED BY: D:\keil\C51\BIN\C51.EXE main.c OPTIMIZE(8,SPEED) BROWSE DEBUG OBJECTEXTEND PRINT(.\Listings\main.ls
                    -t) TABS(2) OBJECT(.\Objects\main.obj)

line level    source

   1          #include <REGX52.H>
   2          #include "LCD1602.h"
   3          #include "DS1302.h"
   4          #include "transto.h"
   5          
   6          void main(){
   7   1        LCD_Init();
   8   1        DS1302_Init();
*** WARNING C206 IN LINE 8 OF main.c: 'DS1302_Init': missing function-prototype
   9   1        LCD_ShowString(1,1,"Time:");
  10   1        DS1302_SetTime();
  11   1        while(1){
  12   2          DS1302_ReadTime();
  13   2          LCD_ShowNum(1,9,Time[0],2);
  14   2          LCD_ShowString(1,11,"-");
  15   2          LCD_ShowNum(1,12,Time[1],2);
  16   2          LCD_ShowString(1,14,"-");
  17   2          LCD_ShowNum(1,15,Time[2],2);
  18   2          LCD_ShowNum(2,1,Time[3],2);
  19   2          LCD_ShowString(2,3,"-");
  20   2          LCD_ShowNum(2,4,Time[4],2);
  21   2          LCD_ShowString(2,6,"-");
  22   2          LCD_ShowNum(2,7,Time[5],2);
  23   2          LCD_ShowString(2,9,"-");
  24   2          LCD_ShowNum(2,10,Time[6],2);
  25   2         }
  26   1      }


MODULE INFORMATION:   STATIC OVERLAYABLE
   CODE SIZE        =    198    ----
   CONSTANT SIZE    =      8    ----
   XDATA SIZE       =   ----    ----
   PDATA SIZE       =   ----    ----
   DATA SIZE        =   ----    ----
   IDATA SIZE       =   ----    ----
   BIT SIZE         =   ----    ----
END OF MODULE INFORMATION.


C51 COMPILATION COMPLETE.  1 WARNING(S),  0 ERROR(S)
